[2026-08-31T05:55:31.333Z] GET http://localhost:8791/ → 200 (4ms, 87123B)
[2026-08-31T05:55:31.343Z] GET http://localhost:8791/_astro/BaseLayout.O583KB9-.css → 200 (7ms, 41414B)
[2026-08-31T05:55:31.374Z] GET http://localhost:8791/fonts/space-grotesk.woff2 → 200 (7ms, 22320B)
[2026-08-31T05:55:31.374Z] GET http://localhost:8791/fonts/ibm-plex-mono-400.woff2 → 200 (6ms, 10052B)
[2026-08-31T05:55:31.380Z] GET http://localhost:8791/_astro/ThemeToggle.DnmU0E8u.js → 200 (21ms, 1390B)
[2026-08-31T05:55:31.380Z] GET http://localhost:8791/_astro/client.DnM_O5Vj.js → 200 (22ms, 184048B)
[2026-08-31T05:55:31.400Z] GET http://localhost:8791/fonts/ibm-plex-mono-500.woff2 → 200 (4ms, 10060B)
[2026-08-31T05:55:31.400Z] GET http://localhost:8791/art/hero-snap-raw-280.webp → 200 (2ms, 16782B)
[2026-08-31T05:55:31.400Z] GET http://localhost:8791/art/hero-snap-raw-560.webp → 200 (3ms, 55540B)
[2026-08-31T05:55:31.400Z] GET http://localhost:8791/art/hero-snap-clean-560.webp → 200 (3ms, 30234B)
[2026-08-31T05:55:31.400Z] GET http://localhost:8791/art/item-biker-256.webp → 200 (3ms, 5420B)
[2026-08-31T05:55:31.400Z] GET http://localhost:8791/art/item-jacket-256.webp → 200 (3ms, 6254B)
[2026-08-31T05:55:31.400Z] GET http://localhost:8791/art/item-camera-256.webp → 200 (4ms, 4842B)
[2026-08-31T05:55:31.400Z] GET http://localhost:8791/art/item-boots-256.webp → 200 (4ms, 4742B)
[2026-08-31T05:55:31.400Z] GET http://localhost:8791/art/item-keyboard-256.webp → 200 (4ms, 5656B)
[2026-08-31T05:55:31.404Z] GET http://localhost:8791/_astro/react.B3l9tXpq.js → 200 (3ms, 7555B)
[2026-08-31T05:55:38.604Z] GET http://localhost:8791/art/item-headphones-256.webp → 200 (2ms, 4058B)
[2026-08-31T05:55:38.604Z] GET http://localhost:8791/art/item-guitar-256.webp → 200 (3ms, 4626B)
[2026-08-31T05:55:38.604Z] GET http://localhost:8791/art/item-lamp-256.webp → 200 (3ms, 3488B)
[2026-08-31T05:55:38.604Z] GET http://localhost:8791/art/item-chain-256.webp → 200 (3ms, 4544B)
[2026-08-31T05:55:38.604Z] GET http://localhost:8791/art/item-sneakers-256.webp → 200 (3ms, 3440B)
[2026-08-31T05:55:38.604Z] GET http://localhost:8791/art/item-vinyl-256.webp → 200 (3ms, 2714B)
[2026-08-31T05:55:38.604Z] GET http://localhost:8791/art/item-console-256.webp → 200 (4ms, 2306B)
[2026-08-31T05:55:38.604Z] GET http://localhost:8791/art/item-sweater-256.webp → 200 (4ms, 5484B)
[2026-08-31T05:55:38.605Z] GET http://localhost:8791/art/item-racket-256.webp → 200 (3ms, 2988B)
[2026-08-31T05:55:38.605Z] GET http://localhost:8791/art/item-tote-256.webp → 200 (4ms, 3666B)
[2026-08-31T05:55:38.605Z] GET http://localhost:8791/art/item-lens-256.webp → 200 (4ms, 3452B)
[2026-08-31T05:55:52.546Z] GET http://localhost:8791/local/ → 200 (1ms, 52462B)
[2026-08-31T05:55:52.551Z] GET http://localhost:8791/_astro/BaseLayout.O583KB9-.css → 304 (?ms, ?B)
[2026-08-31T05:55:52.553Z] GET http://localhost:8791/_astro/ThemeToggle.DnmU0E8u.js → 304 (13ms, ?B)
[2026-08-31T05:55:52.553Z] GET http://localhost:8791/_astro/client.DnM_O5Vj.js → 304 (13ms, ?B)
[2026-08-31T05:55:52.565Z] GET http://localhost:8791/fonts/space-grotesk.woff2 → 200 (1ms, ?B)
[2026-08-31T05:55:52.566Z] GET http://localhost:8791/fonts/ibm-plex-mono-400.woff2 → 200 (?ms, ?B)
[2026-08-31T05:55:52.566Z] GET http://localhost:8791/fonts/ibm-plex-mono-500.woff2 → 200 (?ms, ?B)
[2026-08-31T05:55:52.568Z] GET http://localhost:8791/art/item-headphones-256.webp → 304 (3ms, ?B)
[2026-08-31T05:55:52.569Z] GET http://localhost:8791/_astro/react.B3l9tXpq.js → 304 (1ms, ?B)
[2026-08-31T05:56:06.284Z] GET http://localhost:8791/ → 200 (2ms, 87123B)
[2026-08-31T05:56:06.288Z] GET http://localhost:8791/_astro/BaseLayout.O583KB9-.css → 304 (1ms, ?B)
[2026-08-31T05:56:06.290Z] GET http://localhost:8791/_astro/ThemeToggle.DnmU0E8u.js → 304 (10ms, ?B)
[2026-08-31T05:56:06.290Z] GET http://localhost:8791/_astro/client.DnM_O5Vj.js → 304 (10ms, ?B)
[2026-08-31T05:56:06.294Z] GET http://localhost:8791/fonts/space-grotesk.woff2 → 200 (1ms, ?B)
[2026-08-31T05:56:06.295Z] GET http://localhost:8791/fonts/ibm-plex-mono-400.woff2 → 200 (?ms, ?B)
[2026-08-31T05:56:06.295Z] GET http://localhost:8791/fonts/ibm-plex-mono-500.woff2 → 200 (?ms, ?B)
[2026-08-31T05:56:06.303Z] GET http://localhost:8791/art/hero-snap-raw-280.webp → 200 (1ms, 16782B)
[2026-08-31T05:56:06.303Z] GET http://localhost:8791/art/hero-snap-raw-560.webp → 200 (2ms, 55540B)
[2026-08-31T05:56:06.303Z] GET http://localhost:8791/art/hero-snap-clean-560.webp → 200 (2ms, 30234B)
[2026-08-31T05:56:06.303Z] GET http://localhost:8791/_astro/react.B3l9tXpq.js → 304 (2ms, ?B)
